data/config/raceman/singleevent-mp5.xml
data/config/raceman/championship.xml
data/config/raceman/championship-supercars.xml
data/config/raceman/championship-mp5.xml
data/config/raceman/career-36GP.xml
data/config/raceman/career_36GP.xmls
data/config/raceman/career_MPA1.xmls
data/config/raceman/career-supercars.xml
data/config/raceman/career_supercars.xmls
data/config/raceman/career_ls1.xmls
data/config/raceman/networkrace.xml

data/drivers/usr_ls2
data/drivers/usr_rs

data/drivers/simplix_ls2
data/drivers/simplix_mp5
data/drivers/simplix_srw

data/drivers/dandroid_ls1
data/drivers/dandroid_ls2
data/drivers/dandroid_mpa1
data/drivers/dandroid_rs
data/drivers/dandroid_sc
data/drivers/dandroid_srw
data/drivers/dandroid_trb1

data/cars/models/67gp-upping-ut19

data/cars/models/mp5-fmc
data/cars/models/mp5-fmc-drift
data/cars/models/mp5-fmc-speedy

data/cars/models/rs1-citrus-cs4
data/cars/models/rs1-fmc-centre
data/cars/models/rs1-kenji-08
data/cars/models/rs2-fai-dot
data/cars/models/rs2-lion-2m

data/cars/models/ls1-cavallo-570s1

data/cars/models/ls2-bavaria-g3gtr
data/cars/models/ls2-boxer-96rsr
data/cars/models/ls2-cavallo-360r
data/cars/models/ls2-condor-c400r
data/cars/models/ls2-lynx-xkr
data/cars/models/ls2-morley-r900
data/cars/models/ls2-sprite-gts
data/cars/models/ls2-vortex-gt

data/cars/models/sc-kanagawa-z35gts
data/cars/models/sc-kongei-kk8s

data/cars/models/srw-boxer-ts
data/cars/models/srw-kanagawa-gtr
data/cars/models/srw-kongei-kk8s
data/cars/models/srw-sector-p4

data/tracks/circuit/CMakeLists.txt

data/tracks/circuit/goldstone-sand

data/tracks/road/CMakeLists.txt

data/tracks/road/e-track-2
data/tracks/road/e-track-3
data/tracks/road/e-track-4
data/tracks/road/spring
data/tracks/road/street-1
data/tracks/road/wheel-1

data/tracks/dirt/CMakeLists.txt

data/tracks/dirt/dirt-1
data/tracks/dirt/dirt-2
data/tracks/dirt/dirt-4
data/tracks/dirt/dirt-6
data/tracks/dirt/mixed-1
data/tracks/dirt/mixed-2

data/tracks/speedway/CMakeLists.txt

data/tracks/speedway/a-speedway
data/tracks/speedway/b-speedway
data/tracks/speedway/c-speedway
data/tracks/speedway/caddo
data/tracks/speedway/corn
data/tracks/speedway/d-speedway
data/tracks/speedway/e-speedway
data/tracks/speedway/e-track-5
data/tracks/speedway/f-speedway
data/tracks/speedway/sunshine
data/tracks/speedway/tennessee


