CHANGES.txt
COPYING.txt
INSTALL.txt
README.txt

doc/faq/faq.html
doc/userman
doc/man

CMakeLists.txt

cmake

src/CMakeLists.txt

src/drivers/CMakeLists.txt

src/drivers/usr/CMakeLists.txt
src/drivers/usr/README
src/drivers/usr/src

src/drivers/simplix/CMakeLists.txt
src/drivers/simplix/src

src/drivers/dandroid/CMakeLists.txt
src/drivers/dandroid/src

src/drivers/kilo2008

src/drivers/human
src/drivers/networkhuman

src/interfaces
src/libs
src/main

src/tools/CMakeLists.txt
src/tools/accc
src/tools/blender
src/tools/nfs2ac
src/tools/nfsperf
src/tools/trackgen
src/tools/xmlversion

src/modules/CMakeLists.txt
src/modules/graphic
src/modules/networking
src/modules/racing
src/modules/simu/CMakeLists.txt
src/modules/simu/simuv2.1
src/modules/simu/simuv4
src/modules/sound
src/modules/telemetry
src/modules/track
src/modules/userinterface

data/CMakeLists.txt
data/data

data/config/CMakeLists.txt
data/config/graph.xml
data/config/logging.xml
data/config/raceengine.xml
data/config/raceresults.xsl
data/config/screen.xml
data/config/sound.xml

data/config/raceman/CMakeLists.txt
data/config/raceman/extra
data/config/raceman/practice.xml
data/config/raceman/quickrace.xml
data/config/raceman/singleevent-challenge.xml
data/config/raceman/singleevent-endurance.xml

data/drivers/CMakeLists.txt
data/drivers/human
data/drivers/networkhuman
data/drivers/usr_sc
data/drivers/simplix
data/drivers/simplix_sc

data/cars/CMakeLists.txt
data/cars/categories
data/cars/models/CMakeLists.txt
data/cars/models/sc-boxer-96/
data/cars/models/sc-cavallo-360
data/cars/models/sc-fmc-gt4
data/cars/models/sc-lynx-220
data/cars/models/sc-murasama-nsx
data/cars/models/sc-spirit-300

data/tracks/CMakeLists.txt
data/tracks/circuit/CMakeLists.txt
data/tracks/circuit/espie

packaging/appdata

