data/config/raceman/championship.xml
data/config/raceman/championship-mpa1.xml
data/config/raceman/championship-supercars.xml
data/config/raceman/championship-trb1.xml

data/drivers/usr_mpa1
data/drivers/usr_trb1

data/drivers/simplix_mpa1
data/drivers/simplix_trb1

data/cars/models/mpa1-furia
data/cars/models/mpa1-ffr
data/cars/models/mpa1-hartbill-2002
data/cars/models/mpa1-murasama
data/cars/models/mpa1-team-lynx

data/cars/models/mpa11-murasama

data/cars/models/mpa12-murasama

data/cars/models/trb1-boxer-trbrs
data/cars/models/trb1-cavallo-360rb
data/cars/models/trb1-sector-rb1
data/cars/models/trb1-silber-rblk
data/cars/models/trb1-spirit-rb1lt
data/cars/models/trb1-taipan-rb1
data/cars/models/trb1-vieringe-5rb
data/cars/models/trb1-zaxxon-rb

data/tracks/circuit/CMakeLists.txt

data/tracks/circuit/aalborg
data/tracks/circuit/migrants
data/tracks/circuit/ruudskogen

data/tracks/dirt/CMakeLists.txt

data/tracks/dirt/garguree

data/tracks/road/CMakeLists.txt

data/tracks/road/inuksuk
data/tracks/road/lombaro
data/tracks/road/longday
data/tracks/road/ole-road-1
data/tracks/road/peters
data/tracks/road/pinabashi
data/tracks/road/prenzlau
data/tracks/road/salty

data/tracks/speedway/CMakeLists.txt

data/tracks/speedway/alamo
data/tracks/speedway/longpond
data/tracks/speedway/milky-five
data/tracks/speedway/newton
