data/config/raceman/championship.xml
data/config/raceman/championship-supercars.xml
data/config/raceman/championship-36gp.xml
data/config/raceman/championship-ls-gt1.xml
data/config/raceman/singleevent-36gp.xml
data/config/raceman/singleevent-ls-gt1.xml

data/drivers/usr_ls1
data/drivers/usr_36GP

data/drivers/dandroid_36GP

data/drivers/simplix_ls1
data/drivers/simplix_36GP

data/cars/models/ls1-archer-r9
data/cars/models/ls1-newcastle-fury
data/cars/models/ls1-taipan-ltsr
data/cars/models/ls1-toro-rgt
data/cars/models/ls1-vulture-v6r
data/cars/models/ls1-zentek-z7r

data/cars/models/36gp-century-r11b
data/cars/models/36gp-ettore-t59
data/cars/models/36gp-milano-12c36
data/cars/models/36gp-milano-tipop3
data/cars/models/36gp-motorunion-typec
data/cars/models/36gp-silber-w25b
data/cars/models/36gp-tridenti-6c34
data/cars/models/36gp-tridenti-v8ri

data/tracks/circuit/CMakeLists.txt

data/tracks/circuit/brondehach
data/tracks/circuit/chemisay
data/tracks/circuit/corkscrew
data/tracks/circuit/forza
data/tracks/circuit/karwada

data/tracks/road/CMakeLists.txt

data/tracks/road/allondaz
data/tracks/road/charmey

data/tracks/speedway/CMakeLists.txt

data/tracks/speedway/arizona
data/tracks/speedway/manton
data/tracks/speedway/mile
